---
source: crates/recap/tests/demo.rs
expression: blocks
---
[
  {
    "id": "01JB000000000000000EVT0001",
    "last": "01JB000000000000000EVT0001",
    "key": {
      "kind": "session",
      "id": "01JB000000000000000SES0002"
    },
    "start": 1790668800000,
    "end": 1790668800000,
    "session": "01JB000000000000000SES0002",
    "workstream": "01JB000000000000000WST0002",
    "project": "01JB000000000000000PRJ0001",
    "tasks": [
      "01JB000000000000000TSK0004"
    ],
    "agent": "01JB000000000000000MEM0003",
    "actors": [
      "01JB000000000000000MEM0001"
    ],
    "counts": {
      "events": 1,
      "tools_run": 0,
      "tools_failed": 0,
      "file_edits": 0,
      "lines_added": 0,
      "lines_removed": 0,
      "turns": 0,
      "asks_raised": 0,
      "asks_answered": 0,
      "task_moves": 0,
      "comments": 0
    },
    "files": [],
    "files_omitted": 0,
    "facts": [
      {
        "by": "01JB000000000000000MEM0001",
        "at": 1790668800000,
        "kind": {
          "type": "dispatch_started",
          "task": "01JB000000000000000TSK0004",
          "agent": "01JB000000000000000MEM0003"
        },
        "receipts": [
          {
            "kind": "event",
            "id": "01JB000000000000000EVT0001"
          }
        ]
      }
    ],
    "facts_omitted": 0,
    "tool_receipts": [],
    "turn_receipts": []
  },
  {
    "id": "01JB000000000000000EVT0002",
    "last": "01JB000000000000000EVT0003",
    "key": {
      "kind": "session",
      "id": "01JB000000000000000SES0006"
    },
    "start": 1790677200000,
    "end": 1790677200000,
    "session": "01JB000000000000000SES0006",
    "workstream": "01JB000000000000000WST0001",
    "project": "01JB000000000000000PRJ0001",
    "tasks": [
      "01JB000000000000000TSK0003"
    ],
    "agent": "01JB000000000000000MEM0002",
    "actors": [
      "01JB000000000000000MEM0002"
    ],
    "counts": {
      "events": 2,
      "tools_run": 0,
      "tools_failed": 0,
      "file_edits": 0,
      "lines_added": 0,
      "lines_removed": 0,
      "turns": 0,
      "asks_raised": 0,
      "asks_answered": 0,
      "task_moves": 1,
      "comments": 0
    },
    "files": [],
    "files_omitted": 0,
    "facts": [
      {
        "by": "01JB000000000000000MEM0002",
        "at": 1790677200000,
        "kind": {
          "type": "dispatch_finished",
          "task": "01JB000000000000000TSK0003",
          "outcome": "succeeded",
          "summary": "Drafted answers to all 14 comments; 2 need your call."
        },
        "receipts": [
          {
            "kind": "event",
            "id": "01JB000000000000000EVT0002"
          }
        ]
      },
      {
        "by": "01JB000000000000000MEM0002",
        "at": 1790677200000,
        "kind": {
          "type": "task_moved",
          "task": "01JB000000000000000TSK0003",
          "from": "in_progress",
          "to": "review"
        },
        "receipts": [
          {
            "kind": "event",
            "id": "01JB000000000000000EVT0003"
          }
        ]
      }
    ],
    "facts_omitted": 0,
    "tool_receipts": [],
    "turn_receipts": []
  },
  {
    "id": "01JB000000000000000EVT0004",
    "last": "01JB000000000000000EVT0006",
    "key": {
      "kind": "session",
      "id": "01JB000000000000000SES0001"
    },
    "start": 1790755200000,
    "end": 1790756100000,
    "session": "01JB000000000000000SES0001",
    "workstream": "01JB000000000000000WST0001",
    "project": "01JB000000000000000PRJ0001",
    "tasks": [
      "01JB000000000000000TSK0001"
    ],
    "agent": "01JB000000000000000MEM0002",
    "actors": [
      "01JB000000000000000MEM0001",
      "01JB000000000000000MEM0002"
    ],
    "counts": {
      "events": 3,
      "tools_run": 0,
      "tools_failed": 0,
      "file_edits": 0,
      "lines_added": 0,
      "lines_removed": 0,
      "turns": 0,
      "asks_raised": 0,
      "asks_answered": 0,
      "task_moves": 1,
      "comments": 0
    },
    "files": [],
    "files_omitted": 0,
    "facts": [
      {
        "by": "01JB000000000000000MEM0001",
        "at": 1790755200000,
        "kind": {
          "type": "dispatch_started",
          "task": "01JB000000000000000TSK0001",
          "agent": "01JB000000000000000MEM0002"
        },
        "receipts": [
          {
            "kind": "event",
            "id": "01JB000000000000000EVT0004"
          }
        ]
      },
      {
        "by": "01JB000000000000000MEM0002",
        "at": 1790755260000,
        "kind": {
          "type": "task_moved",
          "task": "01JB000000000000000TSK0001",
          "from": "todo",
          "to": "in_progress"
        },
        "receipts": [
          {
            "kind": "event",
            "id": "01JB000000000000000EVT0005"
          }
        ]
      },
      {
        "by": "01JB000000000000000MEM0002",
        "at": 1790756100000,
        "kind": {
          "type": "plan_updated",
          "task": "01JB000000000000000TSK0001",
          "done": 2,
          "total": 4
        },
        "receipts": [
          {
            "kind": "event",
            "id": "01JB000000000000000EVT0006"
          }
        ]
      }
    ],
    "facts_omitted": 0,
    "tool_receipts": [],
    "turn_receipts": []
  },
  {
    "id": "01JB000000000000000EVT0007",
    "last": "01JB000000000000000EVT0007",
    "key": {
      "kind": "session",
      "id": "01JB000000000000000SES0001"
    },
    "start": 1790757900000,
    "end": 1790757900000,
    "session": "01JB000000000000000SES0001",
    "workstream": "01JB000000000000000WST0001",
    "project": "01JB000000000000000PRJ0001",
    "tasks": [
      "01JB000000000000000TSK0001"
    ],
    "agent": "01JB000000000000000MEM0002",
    "actors": [
      "01JB000000000000000MEM0002"
    ],
    "counts": {
      "events": 1,
      "tools_run": 0,
      "tools_failed": 0,
      "file_edits": 1,
      "lines_added": 84,
      "lines_removed": 12,
      "turns": 0,
      "asks_raised": 0,
      "asks_answered": 0,
      "task_moves": 0,
      "comments": 0
    },
    "files": [
      {
        "path": "method.tex",
        "edits": 1,
        "added": 84,
        "removed": 12,
        "receipts": [
          {
            "kind": "event",
            "id": "01JB000000000000000EVT0007"
          }
        ]
      }
    ],
    "files_omitted": 0,
    "facts": [],
    "facts_omitted": 0,
    "tool_receipts": [],
    "turn_receipts": []
  },
  {
    "id": "01JB000000000000000EVT0008",
    "last": "01JB000000000000000EVT0008",
    "key": {
      "kind": "session",
      "id": "01JB000000000000000SES0003"
    },
    "start": 1790758800000,
    "end": 1790758800000,
    "session": "01JB000000000000000SES0003",
    "workstream": "01JB000000000000000WST0003",
    "project": "01JB000000000000000PRJ0002",
    "tasks": [
      "01JB000000000000000TSK0010"
    ],
    "agent": "01JB000000000000000MEM0004",
    "actors": [
      "01JB000000000000000MEM0001"
    ],
    "counts": {
      "events": 1,
      "tools_run": 0,
      "tools_failed": 0,
      "file_edits": 0,
      "lines_added": 0,
      "lines_removed": 0,
      "turns": 0,
      "asks_raised": 0,
      "asks_answered": 0,
      "task_moves": 0,
      "comments": 0
    },
    "files": [],
    "files_omitted": 0,
    "facts": [
      {
        "by": "01JB000000000000000MEM0001",
        "at": 1790758800000,
        "kind": {
          "type": "dispatch_started",
          "task": "01JB000000000000000TSK0010",
          "agent": "01JB000000000000000MEM0004"
        },
        "receipts": [
          {
            "kind": "event",
            "id": "01JB000000000000000EVT0008"
          }
        ]
      }
    ],
    "facts_omitted": 0,
    "tool_receipts": [],
    "turn_receipts": []
  },
  {
    "id": "01JB000000000000000EVT0009",
    "last": "01JB000000000000000EVT0009",
    "key": {
      "kind": "session",
      "id": "01JB000000000000000SES0002"
    },
    "start": 1790759700000,
    "end": 1790759700000,
    "session": "01JB000000000000000SES0002",
    "workstream": "01JB000000000000000WST0002",
    "project": "01JB000000000000000PRJ0001",
    "tasks": [
      "01JB000000000000000TSK0004"
    ],
    "agent": "01JB000000000000000MEM0003",
    "actors": [
      "01JB000000000000000MEM0003"
    ],
    "counts": {
      "events": 1,
      "tools_run": 1,
      "tools_failed": 0,
      "file_edits": 0,
      "lines_added": 0,
      "lines_removed": 0,
      "turns": 0,
      "asks_raised": 0,
      "asks_answered": 0,
      "task_moves": 0,
      "comments": 0
    },
    "files": [],
    "files_omitted": 0,
    "facts": [],
    "facts_omitted": 0,
    "tool_receipts": [
      {
        "kind": "event",
        "id": "01JB000000000000000EVT0009"
      },
      {
        "kind": "transcript",
        "session": "01JB000000000000000SES0002",
        "offset": 118220
      }
    ],
    "turn_receipts": []
  },
  {
    "id": "01JB000000000000000EVT0010",
    "last": "01JB000000000000000EVT0010",
    "key": {
      "kind": "session",
      "id": "01JB000000000000000SES0002"
    },
    "start": 1790761200000,
    "end": 1790761200000,
    "session": "01JB000000000000000SES0002",
    "workstream": "01JB000000000000000WST0002",
    "project": "01JB000000000000000PRJ0001",
    "tasks": [
      "01JB000000000000000TSK0004",
      "01JB000000000000000TSK0005"
    ],
    "agent": "01JB000000000000000MEM0003",
    "actors": [
      "01JB000000000000000MEM0006"
    ],
    "counts": {
      "events": 1,
      "tools_run": 0,
      "tools_failed": 0,
      "file_edits": 0,
      "lines_added": 0,
      "lines_removed": 0,
      "turns": 0,
      "asks_raised": 1,
      "asks_answered": 0,
      "task_moves": 0,
      "comments": 0
    },
    "files": [],
    "files_omitted": 0,
    "facts": [
      {
        "by": "01JB000000000000000MEM0006",
        "at": 1790761200000,
        "kind": {
          "type": "job_diverged",
          "jobs": [
            "4815164"
          ]
        },
        "receipts": [
          {
            "kind": "event",
            "id": "01JB000000000000000EVT0010"
          },
          {
            "kind": "job",
            "scheduler": "slurm",
            "id": "4815164"
          },
          {
            "kind": "transcript",
            "session": "01JB000000000000000SES0002",
            "offset": 120544
          }
        ]
      },
      {
        "by": "01JB000000000000000MEM0006",
        "at": 1790761200000,
        "kind": {
          "type": "ask_raised",
          "ask": "01JB000000000000000ASK0002",
          "ask_kind": "decision",
          "to": "01JB000000000000000MEM0001",
          "title": "Seed 3 diverged at epoch 9. Rerun or drop it?"
        },
        "receipts": [
          {
            "kind": "event",
            "id": "01JB000000000000000EVT0010"
          },
          {
            "kind": "job",
            "scheduler": "slurm",
            "id": "4815164"
          },
          {
            "kind": "transcript",
            "session": "01JB000000000000000SES0002",
            "offset": 120544
          }
        ]
      }
    ],
    "facts_omitted": 0,
    "tool_receipts": [],
    "turn_receipts": []
  },
  {
    "id": "01JB000000000000000EVT0011",
    "last": "01JB000000000000000EVT0012",
    "key": {
      "kind": "workstream",
      "id": "01JB000000000000000WST0002"
    },
    "start": 1790761260000,
    "end": 1790761500000,
    "workstream": "01JB000000000000000WST0002",
    "project": "01JB000000000000000PRJ0001",
    "tasks": [],
    "actors": [
      "01JB000000000000000MEM0006",
      "01JB000000000000000MEM0001"
    ],
    "counts": {
      "events": 2,
      "tools_run": 0,
      "tools_failed": 0,
      "file_edits": 0,
      "lines_added": 0,
      "lines_removed": 0,
      "turns": 0,
      "asks_raised": 0,
      "asks_answered": 0,
      "task_moves": 0,
      "comments": 0
    },
    "files": [],
    "files_omitted": 0,
    "facts": [
      {
        "by": "01JB000000000000000MEM0006",
        "at": 1790761260000,
        "kind": {
          "type": "workstream_changed",
          "workstream": "01JB000000000000000WST0002",
          "status": "active",
          "health": "at_risk"
        },
        "receipts": [
          {
            "kind": "event",
            "id": "01JB000000000000000EVT0011"
          }
        ]
      },
      {
        "by": "01JB000000000000000MEM0001",
        "at": 1790761500000,
        "kind": {
          "type": "brief_accepted",
          "target": {
            "kind": "workstream",
            "id": "01JB000000000000000WST0002"
          },
          "pinned": true
        },
        "receipts": [
          {
            "kind": "event",
            "id": "01JB000000000000000EVT0012"
          }
        ]
      }
    ],
    "facts_omitted": 0,
    "tool_receipts": [],
    "turn_receipts": []
  },
  {
    "id": "01JB000000000000000EVT0013",
    "last": "01JB000000000000000EVT0013",
    "key": {
      "kind": "session",
      "id": "01JB000000000000000SES0003"
    },
    "start": 1790761800000,
    "end": 1790761800000,
    "session": "01JB000000000000000SES0003",
    "workstream": "01JB000000000000000WST0003",
    "project": "01JB000000000000000PRJ0002",
    "tasks": [
      "01JB000000000000000TSK0010"
    ],
    "agent": "01JB000000000000000MEM0004",
    "actors": [
      "01JB000000000000000MEM0004"
    ],
    "counts": {
      "events": 1,
      "tools_run": 0,
      "tools_failed": 0,
      "file_edits": 0,
      "lines_added": 0,
      "lines_removed": 0,
      "turns": 0,
      "asks_raised": 0,
      "asks_answered": 0,
      "task_moves": 0,
      "comments": 0
    },
    "files": [],
    "files_omitted": 0,
    "facts": [
      {
        "by": "01JB000000000000000MEM0004",
        "at": 1790761800000,
        "kind": {
          "type": "session_waiting",
          "status_line": "Asks: merge the benchmark change?"
        },
        "receipts": [
          {
            "kind": "event",
            "id": "01JB000000000000000EVT0013"
          }
        ]
      }
    ],
    "facts_omitted": 0,
    "tool_receipts": [],
    "turn_receipts": []
  },
  {
    "id": "01JB000000000000000EVT0014",
    "last": "01JB000000000000000EVT0014",
    "key": {
      "kind": "workstream",
      "id": "01JB000000000000000WST0003"
    },
    "start": 1790761920000,
    "end": 1790761920000,
    "workstream": "01JB000000000000000WST0003",
    "project": "01JB000000000000000PRJ0002",
    "tasks": [
      "01JB000000000000000TSK0008"
    ],
    "actors": [
      "01JB000000000000000MEM0005"
    ],
    "counts": {
      "events": 1,
      "tools_run": 0,
      "tools_failed": 0,
      "file_edits": 0,
      "lines_added": 0,
      "lines_removed": 0,
      "turns": 0,
      "asks_raised": 0,
      "asks_answered": 0,
      "task_moves": 0,
      "comments": 1
    },
    "files": [],
    "files_omitted": 0,
    "facts": [
      {
        "by": "01JB000000000000000MEM0005",
        "at": 1790761920000,
        "kind": {
          "type": "commented",
          "task": "01JB000000000000000TSK0008",
          "mentions": [
            "01JB000000000000000MEM0004"
          ]
        },
        "receipts": [
          {
            "kind": "event",
            "id": "01JB000000000000000EVT0014"
          }
        ]
      }
    ],
    "facts_omitted": 0,
    "tool_receipts": [],
    "turn_receipts": []
  }
]
