---
source: crates/ingest/tests/claude.rs
expression: "Golden { meta: c.meta, items: c.items }"
---
{
  "meta": {
    "native_id": "2b6f1a8e-4c1d-4f5e-9a37-0c8d1e2f3a4b",
    "cwd": "/home/sam/work/diffusion-paper/paper",
    "branch": "main",
    "title": "Draft method section",
    "model": "claude-opus-5-5",
    "started": 1790755200000,
    "is_subagent": false
  },
  "items": [
    {
      "kind": "user_prompt",
      "at": 1790755200000,
      "text": "Draft section 3 (Method) from notes/method-outline.md. Keep it under two pages.",
      "offset": 0
    },
    {
      "kind": "assistant_text",
      "at": 1790755204000,
      "text": "I will read the outline first, then write the three subsections.",
      "offset": 382
    },
    {
      "kind": "tool_use",
      "at": 1790755204000,
      "call_id": "toolu_demo_0001",
      "tool": "TodoWrite",
      "target": "4 items",
      "input": {
        "todos": [
          {
            "activeForm": "Reading the outline",
            "content": "Read notes/method-outline.md",
            "status": "in_progress"
          },
          {
            "activeForm": "Writing §3.1",
            "content": "Write §3.1 Model",
            "status": "pending"
          },
          {
            "activeForm": "Writing §3.2",
            "content": "Write §3.2 Noise schedule",
            "status": "pending"
          },
          {
            "activeForm": "Writing §3.3",
            "content": "Write §3.3 Training objective",
            "status": "pending"
          }
        ]
      },
      "offset": 382
    },
    {
      "kind": "plan_updated",
      "at": 1790755204000,
      "items": [
        {
          "text": "Read notes/method-outline.md",
          "status": "in_progress"
        },
        {
          "text": "Write §3.1 Model",
          "status": "pending"
        },
        {
          "text": "Write §3.2 Noise schedule",
          "status": "pending"
        },
        {
          "text": "Write §3.3 Training objective",
          "status": "pending"
        }
      ],
      "offset": 382
    },
    {
      "kind": "tool_result",
      "at": 1790755205000,
      "call_id": "toolu_demo_0001",
      "is_error": false,
      "summary": "Todos have been modified successfully.",
      "offset": 1428
    },
    {
      "kind": "tool_use",
      "at": 1790755209000,
      "call_id": "toolu_demo_0002",
      "tool": "Read",
      "target": "/home/sam/work/diffusion-paper/paper/notes/method-outline.md",
      "input": {
        "file_path": "/home/sam/work/diffusion-paper/paper/notes/method-outline.md"
      },
      "offset": 1840
    },
    {
      "kind": "tool_result",
      "at": 1790755209500,
      "call_id": "toolu_demo_0002",
      "is_error": false,
      "summary": "1\t# Method outline\n2\t- 3.1 Model: U-Net, 4 levels\n3\t- 3.2 Noise schedule: linear vs cosine",
      "offset": 2436
    },
    {
      "kind": "tool_use",
      "at": 1790757900000,
      "call_id": "toolu_demo_0003",
      "tool": "Edit",
      "target": "/home/sam/work/diffusion-paper/paper/method.tex",
      "input": {
        "file_path": "/home/sam/work/diffusion-paper/paper/method.tex",
        "new_string": "\\\\subsection{Model}\nWe use a four-level U-Net.",
        "old_string": "% TODO method"
      },
      "offset": 2945
    },
    {
      "kind": "tool_result",
      "at": 1790757901000,
      "call_id": "toolu_demo_0003",
      "is_error": false,
      "summary": "The file /home/sam/work/diffusion-paper/paper/method.tex has been updated.",
      "offset": 3623
    },
    {
      "kind": "file_edit",
      "at": 1790757901000,
      "path": "/home/sam/work/diffusion-paper/paper/method.tex",
      "added": 2,
      "removed": 1,
      "diff": "--- /home/sam/work/diffusion-paper/paper/method.tex\n+++ /home/sam/work/diffusion-paper/paper/method.tex\n@@ -1,1 +1,2 @@\n-% TODO method\n+\\subsection{Model}\n+We use a four-level U-Net.\n",
      "offset": 3623
    },
    {
      "kind": "tool_use",
      "at": 1790758200000,
      "call_id": "toolu_demo_0004",
      "tool": "Bash",
      "target": "latexmk -pdf main.tex",
      "input": {
        "command": "latexmk -pdf main.tex",
        "description": "Build the paper"
      },
      "offset": 4304
    },
    {
      "kind": "tool_result",
      "at": 1790758220000,
      "call_id": "toolu_demo_0004",
      "is_error": false,
      "summary": "Output written on main.pdf (9 pages).",
      "offset": 4891
    },
    {
      "kind": "tool_use",
      "at": 1790758260000,
      "call_id": "toolu_demo_0005",
      "tool": "AskUserQuestion",
      "target": "Should §3.2 compare linear and cosine schedules, or describe cosine only?",
      "input": {
        "questions": [
          {
            "header": "Schedule",
            "multiSelect": false,
            "options": [
              {
                "description": "Adds half a page",
                "label": "Compare both"
              },
              {
                "description": "Shorter",
                "label": "Cosine only"
              }
            ],
            "question": "Should §3.2 compare linear and cosine schedules, or describe cosine only?"
          }
        ]
      },
      "offset": 5319
    },
    {
      "kind": "question",
      "at": 1790758260000,
      "text": "Should §3.2 compare linear and cosine schedules, or describe cosine only?",
      "options": [
        "Compare both",
        "Cosine only"
      ],
      "offset": 5319
    },
    {
      "kind": "tool_result",
      "at": 1790759400000,
      "call_id": "toolu_demo_0005",
      "is_error": false,
      "summary": "User answered: Compare both",
      "offset": 6113
    },
    {
      "kind": "assistant_text",
      "at": 1790759520000,
      "text": "§3.1 is written. I will compare both schedules in §3.2 next.",
      "offset": 6514
    },
    {
      "kind": "turn_ended",
      "at": 1790759520000,
      "offset": 6514
    }
  ]
}
